#
# There is insufficient memory for the Java Runtime Environment to continue.
# Native memory allocation (malloc) failed to allocate 370672 bytes. Error detail: Chunk::new
# Possible reasons:
#   The system is out of physical RAM or swap space
#   This process is running with CompressedOops enabled, and the Java Heap may be blocking the growth of the native heap
# Possible solutions:
#   Reduce memory load on the system
#   Increase physical memory or swap space
#   Check if swap backing store is full
#   Decrease Java heap size (-Xmx/-Xms)
#   Decrease number of Java threads
#   Decrease Java thread stack sizes (-Xss)
#   Set larger code cache with -XX:ReservedCodeCacheSize=
#   JVM is running with Unscaled Compressed Oops mode in which the Java heap is
#     placed in the first 4GB address space. The Java Heap base address is the
#     maximum limit for the native heap growth. Please use -XX:HeapBaseMinAddress
#     to set the Java Heap base and to place the Java Heap above 4GB virtual address.
# This output file may be truncated or incomplete.
#
#  Out of Memory Error (arena.cpp:168), pid=7128, tid=30068
#
# JRE version: OpenJDK Runtime Environment Temurin-21.0.10+7 (21.0.10+7) (build 21.0.10+7-LTS)
# Java VM: OpenJDK 64-Bit Server VM Temurin-21.0.10+7 (21.0.10+7-LTS, mixed mode, sharing, tiered, compressed oops, compressed class ptrs, parallel gc, windows-amd64)
# No core dump will be written. Minidumps are not enabled by default on client versions of Windows
#

---------------  S U M M A R Y ------------

Command Line: --add-modules=ALL-SYSTEM --add-opens=java.base/java.util=ALL-UNNAMED --add-opens=java.base/java.lang=ALL-UNNAMED --add-opens=java.base/sun.nio.fs=ALL-UNNAMED -Declipse.application=org.eclipse.jdt.ls.core.id1 -Dosgi.bundles.defaultStartLevel=4 -Declipse.product=org.eclipse.jdt.ls.core.product -Djava.import.generatesMetadataFilesAtProjectRoot=false -DDetectVMInstallationsJob.disabled=true -Dfile.encoding=utf8 -XX:+UseParallelGC -XX:GCTimeRatio=4 -XX:AdaptiveSizePolicyWeight=90 -Dsun.zip.disableMemoryMapping=true -Xmx2G -Xms100m -Xlog:disable -javaagent:c:\Users\koder\.vscode\extensions\redhat.java-1.54.0-win32-x64\lombok\lombok-1.18.39-4050.jar -XX:+HeapDumpOnOutOfMemoryError -XX:HeapDumpPath=c:\Users\koder\AppData\Roaming\Code\User\workspaceStorage\77f100de355d17dc1e130fc6aed8a44c\redhat.java -Daether.dependencyCollector.impl=bf c:\Users\koder\.vscode\extensions\redhat.java-1.54.0-win32-x64\server\plugins\org.eclipse.equinox.launcher_1.7.100.v20251111-0406.jar -configuration c:\Users\koder\AppData\Roaming\Code\User\globalStorage\redhat.java\1.54.0\config_win -data c:\Users\koder\AppData\Roaming\Code\User\workspaceStorage\77f100de355d17dc1e130fc6aed8a44c\redhat.java\jdt_ws --pipe=\\.\pipe\lsp-53b63696b5714dddc0dcba810884aeb4-sock

Host: Intel(R) Core(TM) i5-8365U CPU @ 1.60GHz, 8 cores, 15G,  Windows 11 , 64 bit Build 26100 (10.0.26100.8246)
Time: Thu Jun  4 12:34:06 2026 E. Africa Standard Time elapsed time: 174.235272 seconds (0d 0h 2m 54s)

---------------  T H R E A D  ---------------

Current thread (0x000002876c9ae660):  JavaThread "C2 CompilerThread0" daemon [_thread_in_native, id=30068, stack(0x00000087d4a00000,0x00000087d4b00000) (1024K)]


Current CompileTask:
C2:174235 8231       4       com.google.gson.stream.JsonWriter::string (171 bytes)

Stack: [0x00000087d4a00000,0x00000087d4b00000]
Native frames: (J=compiled Java code, j=interpreted, Vv=VM code, C=native code)
V  [jvm.dll+0x6d7a39]
V  [jvm.dll+0x8b4b26]
V  [jvm.dll+0x8b70de]
V  [jvm.dll+0x8b77c3]
V  [jvm.dll+0x284346]
V  [jvm.dll+0xc66ed]
V  [jvm.dll+0xc6c31]
V  [jvm.dll+0x3bec3b]
V  [jvm.dll+0x1e3f69]
V  [jvm.dll+0x24c6b3]
V  [jvm.dll+0x24bb40]
V  [jvm.dll+0x1cb34e]
V  [jvm.dll+0x25b85d]
V  [jvm.dll+0x259dea]
V  [jvm.dll+0x3f857e]
V  [jvm.dll+0x85f59d]
V  [jvm.dll+0x6d626d]
C  [ucrtbase.dll+0x37b0]
C  [KERNEL32.DLL+0x2e8d7]
C  [ntdll.dll+0x8c3fc]


---------------  P R O C E S S  ---------------

Threads class SMR info:
_java_thread_list=0x000002874d3a2160, length=43, elements={
0x000002876ca2c0e0, 0x000002876cade770, 0x000002876c9a0fc0, 0x000002876c9a7460,
0x000002876c9a8340, 0x000002876c9aadb0, 0x000002876c9ab810, 0x000002876c9ae660,
0x000002876c9b4680, 0x000002874a23c420, 0x000002874a32f9d0, 0x000002874adb4040,
0x000002874a077de0, 0x000002874a1cf4c0, 0x000002874aba69e0, 0x000002874a39a270,
0x000002874a666070, 0x000002874be8afa0, 0x000002874a8b21d0, 0x000002874a8b14b0,
0x000002874a8b0790, 0x000002874a8af3e0, 0x000002874a8b0e20, 0x000002874dd91f30,
0x000002874dd90b80, 0x000002874dd91210, 0x000002874dd904f0, 0x000002874dd932e0,
0x000002874dd92c50, 0x000002874dd8fe60, 0x000002874dd918a0, 0x000002874dd94d20,
0x000002874dd94690, 0x000002874dd953b0, 0x000002874dd95a40, 0x000002874dd96760,
0x000002874dd93970, 0x000002874dd97480, 0x000002874ee0ea50, 0x000002874ee0f0e0,
0x000002874ee0d010, 0x000002874ee0d6a0, 0x000002874ee0dd30
}

Java Threads: ( => current thread )
  0x000002876ca2c0e0 JavaThread "main"                              [_thread_blocked, id=10380, stack(0x00000087d4000000,0x00000087d4100000) (1024K)]
  0x000002876cade770 JavaThread "Reference Handler"          daemon [_thread_blocked, id=29892, stack(0x00000087d4400000,0x00000087d4500000) (1024K)]
  0x000002876c9a0fc0 JavaThread "Finalizer"                  daemon [_thread_blocked, id=30420, stack(0x00000087d4500000,0x00000087d4600000) (1024K)]
  0x000002876c9a7460 JavaThread "Signal Dispatcher"          daemon [_thread_blocked, id=10920, stack(0x00000087d4600000,0x00000087d4700000) (1024K)]
  0x000002876c9a8340 JavaThread "Attach Listener"            daemon [_thread_blocked, id=17220, stack(0x00000087d4700000,0x00000087d4800000) (1024K)]
  0x000002876c9aadb0 JavaThread "Service Thread"             daemon [_thread_blocked, id=17852, stack(0x00000087d4800000,0x00000087d4900000) (1024K)]
  0x000002876c9ab810 JavaThread "Monitor Deflation Thread"   daemon [_thread_blocked, id=32460, stack(0x00000087d4900000,0x00000087d4a00000) (1024K)]
=>0x000002876c9ae660 JavaThread "C2 CompilerThread0"         daemon [_thread_in_native, id=30068, stack(0x00000087d4a00000,0x00000087d4b00000) (1024K)]
  0x000002876c9b4680 JavaThread "C1 CompilerThread0"         daemon [_thread_blocked, id=14988, stack(0x00000087d4b00000,0x00000087d4c00000) (1024K)]
  0x000002874a23c420 JavaThread "Common-Cleaner"             daemon [_thread_blocked, id=12024, stack(0x00000087d4d00000,0x00000087d4e00000) (1024K)]
  0x000002874a32f9d0 JavaThread "Notification Thread"        daemon [_thread_blocked, id=3276, stack(0x00000087d4e00000,0x00000087d4f00000) (1024K)]
  0x000002874adb4040 JavaThread "Active Thread: Equinox Container: efa8f3fa-52e4-4eac-9a2a-45dcc8ac0a89"        [_thread_blocked, id=21236, stack(0x00000087d5600000,0x00000087d5700000) (1024K)]
  0x000002874a077de0 JavaThread "Refresh Thread: Equinox Container: efa8f3fa-52e4-4eac-9a2a-45dcc8ac0a89" daemon [_thread_blocked, id=4700, stack(0x00000087d5500000,0x00000087d5600000) (1024K)]
  0x000002874a1cf4c0 JavaThread "Framework Event Dispatcher: Equinox Container: efa8f3fa-52e4-4eac-9a2a-45dcc8ac0a89" daemon [_thread_blocked, id=23912, stack(0x00000087d5700000,0x00000087d5800000) (1024K)]
  0x000002874aba69e0 JavaThread "Start Level: Equinox Container: efa8f3fa-52e4-4eac-9a2a-45dcc8ac0a89" daemon [_thread_blocked, id=15784, stack(0x00000087d5800000,0x00000087d5900000) (1024K)]
  0x000002874a39a270 JavaThread "Bundle File Closer"         daemon [_thread_blocked, id=3728, stack(0x00000087d5a00000,0x00000087d5b00000) (1024K)]
  0x000002874a666070 JavaThread "SCR Component Actor"        daemon [_thread_blocked, id=19508, stack(0x00000087d5900000,0x00000087d5a00000) (1024K)]
  0x000002874be8afa0 JavaThread "Worker-JM"                         [_thread_blocked, id=31828, stack(0x00000087d5b00000,0x00000087d5c00000) (1024K)]
  0x000002874a8b21d0 JavaThread "JNA Cleaner"                daemon [_thread_blocked, id=1940, stack(0x00000087d5c00000,0x00000087d5d00000) (1024K)]
  0x000002874a8b14b0 JavaThread "Worker-0: Validating Gradle wrapper checksum..."        [_thread_in_native, id=3032, stack(0x00000087d5d00000,0x00000087d5e00000) (1024K)]
  0x000002874a8b0790 JavaThread "Worker-3: Initialize Workspace"        [_thread_in_native, id=34000, stack(0x00000087d6100000,0x00000087d6200000) (1024K)]
  0x000002874a8af3e0 JavaThread "Java indexing"              daemon [_thread_blocked, id=8104, stack(0x00000087d6300000,0x00000087d6400000) (1024K)]
  0x000002874a8b0e20 JavaThread "Worker-5"                          [_thread_blocked, id=32284, stack(0x00000087d6700000,0x00000087d6800000) (1024K)]
  0x000002874dd91f30 JavaThread "Thread-1"                   daemon [_thread_in_native, id=16620, stack(0x00000087d6800000,0x00000087d6900000) (1024K)]
  0x000002874dd90b80 JavaThread "Thread-2"                   daemon [_thread_in_native, id=14000, stack(0x00000087d6900000,0x00000087d6a00000) (1024K)]
  0x000002874dd91210 JavaThread "Thread-3"                   daemon [_thread_in_native, id=22156, stack(0x00000087d6a00000,0x00000087d6b00000) (1024K)]
  0x000002874dd904f0 JavaThread "Thread-4"                   daemon [_thread_in_native, id=22848, stack(0x00000087d6b00000,0x00000087d6c00000) (1024K)]
  0x000002874dd932e0 JavaThread "Thread-5"                   daemon [_thread_in_native, id=33148, stack(0x00000087d6c00000,0x00000087d6d00000) (1024K)]
  0x000002874dd92c50 JavaThread "Thread-6"                   daemon [_thread_in_native, id=11860, stack(0x00000087d6d00000,0x00000087d6e00000) (1024K)]
  0x000002874dd8fe60 JavaThread "Thread-7"                   daemon [_thread_in_native, id=11828, stack(0x00000087d6e00000,0x00000087d6f00000) (1024K)]
  0x000002874dd918a0 JavaThread "Thread-8"                   daemon [_thread_in_native, id=1576, stack(0x00000087d6f00000,0x00000087d7000000) (1024K)]
  0x000002874dd94d20 JavaThread "Thread-9"                   daemon [_thread_in_native, id=32644, stack(0x00000087d7000000,0x00000087d7100000) (1024K)]
  0x000002874dd94690 JavaThread "pool-2-thread-1"                   [_thread_blocked, id=32616, stack(0x00000087d7100000,0x00000087d7200000) (1024K)]
  0x000002874dd953b0 JavaThread "WorkspaceEventsHandler"            [_thread_blocked, id=17600, stack(0x00000087d7200000,0x00000087d7300000) (1024K)]
  0x000002874dd95a40 JavaThread "pool-1-thread-1"                   [_thread_blocked, id=20348, stack(0x00000087d7300000,0x00000087d7400000) (1024K)]
  0x000002874dd96760 JavaThread "ForkJoinPool.commonPool-worker-1" daemon [_thread_blocked, id=34360, stack(0x00000087d7400000,0x00000087d7500000) (1024K)]
  0x000002874dd93970 JavaThread "ProjectImportProgressReporter" daemon [_thread_blocked, id=28720, stack(0x00000087d7600000,0x00000087d7700000) (1024K)]
  0x000002874dd97480 JavaThread "Timer-0"                           [_thread_blocked, id=34452, stack(0x00000087d6000000,0x00000087d6100000) (1024K)]
  0x000002874ee0ea50 JavaThread "Timer-1"                           [_thread_blocked, id=24044, stack(0x00000087d6200000,0x00000087d6300000) (1024K)]
  0x000002874ee0f0e0 JavaThread "Timer-2"                           [_thread_blocked, id=31748, stack(0x00000087d7700000,0x00000087d7800000) (1024K)]
  0x000002874ee0d010 JavaThread "Timer-3"                           [_thread_blocked, id=28792, stack(0x00000087d7800000,0x00000087d7900000) (1024K)]
  0x000002874ee0d6a0 JavaThread "Timer-4"                           [_thread_blocked, id=14792, stack(0x00000087d7900000,0x00000087d7a00000) (1024K)]
  0x000002874ee0dd30 JavaThread "Timer-5"                           [_thread_blocked, id=13596, stack(0x00000087d3c00000,0x00000087d3d00000) (1024K)]
Total: 43

Other Threads:
  0x000002876c993600 VMThread "VM Thread"                           [id=26456, stack(0x00000087d4300000,0x00000087d4400000) (1024K)]
  0x000002876c8aca00 WatcherThread "VM Periodic Task Thread"        [id=864, stack(0x00000087d4200000,0x00000087d4300000) (1024K)]
  0x000002876ca4aa50 WorkerThread "GC Thread#0"                     [id=18540, stack(0x00000087d4100000,0x00000087d4200000) (1024K)]
  0x000002874a3a35d0 WorkerThread "GC Thread#1"                     [id=24700, stack(0x00000087d4f00000,0x00000087d5000000) (1024K)]
  0x000002874aa52810 WorkerThread "GC Thread#2"                     [id=7052, stack(0x00000087d5000000,0x00000087d5100000) (1024K)]
  0x000002874a98d7c0 WorkerThread "GC Thread#3"                     [id=27108, stack(0x00000087d5100000,0x00000087d5200000) (1024K)]
  0x000002874a98db70 WorkerThread "GC Thread#4"                     [id=34276, stack(0x00000087d5200000,0x00000087d5300000) (1024K)]
  0x000002874a98d060 WorkerThread "GC Thread#5"                     [id=33400, stack(0x00000087d5300000,0x00000087d5400000) (1024K)]
  0x000002874a98e680 WorkerThread "GC Thread#6"                     [id=26660, stack(0x00000087d5400000,0x00000087d5500000) (1024K)]
  0x000002874a98df20 WorkerThread "GC Thread#7"                     [id=32544, stack(0x00000087d4c00000,0x00000087d4d00000) (1024K)]
Total: 10

Threads with active compile tasks:
C2 CompilerThread0  174307 8231       4       com.google.gson.stream.JsonWriter::string (171 bytes)
Total: 1

VM state: not at safepoint (normal execution)

VM Mutex/Monitor currently owned by a thread: None

Heap address: 0x0000000080000000, size: 2048 MB, Compressed Oops mode: 32-bit

CDS archive(s) mapped at: [0x0000028704000000-0x0000028704ba0000-0x0000028704ba0000), size 12189696, SharedBaseAddress: 0x0000028704000000, ArchiveRelocationMode: 1.
Compressed class space mapped at: 0x0000028705000000-0x0000028745000000, reserved size: 1073741824
Narrow klass base: 0x0000028704000000, Narrow klass shift: 0, Narrow klass range: 0x100000000

GC Precious Log:
 CardTable entry size: 512
 CPUs: 8 total, 8 available
 Memory: 16198M
 Large Page Support: Disabled
 NUMA Support: Disabled
 Compressed Oops: Enabled (32-bit)
 Alignments: Space 512K, Generation 512K, Heap 2M
 Heap Min Capacity: 100M
 Heap Initial Capacity: 100M
 Heap Max Capacity: 2G
 Pre-touch: Disabled
 Parallel Workers: 8

Heap:
 PSYoungGen      total 13312K, used 609K [0x00000000d5580000, 0x00000000d6380000, 0x0000000100000000)
  eden space 12800K, 2% used [0x00000000d5580000,0x00000000d55d4530,0x00000000d6200000)
  from space 512K, 53% used [0x00000000d6300000,0x00000000d6344010,0x00000000d6380000)
  to   space 512K, 0% used [0x00000000d6280000,0x00000000d6280000,0x00000000d6300000)
 ParOldGen       total 68608K, used 45553K [0x0000000080000000, 0x0000000084300000, 0x00000000d5580000)
  object space 68608K, 66% used [0x0000000080000000,0x0000000082c7c7f8,0x0000000084300000)
 Metaspace       used 65296K, committed 66752K, reserved 1114112K
  class space    used 8263K, committed 8960K, reserved 1048576K

Card table byte_map: [0x000002876c3c0000,0x000002876c7d0000] _byte_map_base: 0x000002876bfc0000

Marking Bits: (ParMarkBitMap*) 0x00007ffa39913450
 Begin Bits: [0x0000028700000000, 0x0000028702000000)
 End Bits:   [0x0000028702000000, 0x0000028704000000)

Polling page: 0x000002876aa20000

Metaspace:

Usage:
  Non-class:     55.70 MB used.
      Class:      8.07 MB used.
       Both:     63.77 MB used.

Virtual space:
  Non-class space:       64.00 MB reserved,      56.44 MB ( 88%) committed,  1 nodes.
      Class space:        1.00 GB reserved,       8.75 MB ( <1%) committed,  1 nodes.
             Both:        1.06 GB reserved,      65.19 MB (  6%) committed. 

Chunk freelists:
   Non-Class:  6.62 MB
       Class:  7.11 MB
        Both:  13.73 MB

MaxMetaspaceSize: unlimited
CompressedClassSpaceSize: 1.00 GB
Initial GC threshold: 21.00 MB
Current GC threshold: 97.31 MB
CDS: on
 - commit_granule_bytes: 65536.
 - commit_granule_words: 8192.
 - virtual_space_node_default_size: 8388608.
 - enlarge_chunks_in_place: 1.
 - use_allocation_guard: 0.


Internal statistics:

num_allocs_failed_limit: 11.
num_arena_births: 1288.
num_arena_deaths: 14.
num_vsnodes_births: 2.
num_vsnodes_deaths: 0.
num_space_committed: 1043.
num_space_uncommitted: 0.
num_chunks_returned_to_freelist: 25.
num_chunks_taken_from_freelist: 4161.
num_chunk_merges: 16.
num_chunk_splits: 2680.
num_chunks_enlarged: 1635.
num_inconsistent_stats: 0.

CodeHeap 'non-profiled nmethods': size=120000Kb used=5739Kb max_used=5739Kb free=114260Kb
 bounds [0x00000287776f0000, 0x0000028777c90000, 0x000002877ec20000]
CodeHeap 'profiled nmethods': size=120000Kb used=14704Kb max_used=14704Kb free=105295Kb
 bounds [0x000002876fc20000, 0x0000028770a80000, 0x0000028777150000]
CodeHeap 'non-nmethods': size=5760Kb used=1398Kb max_used=1482Kb free=4361Kb
 bounds [0x0000028777150000, 0x00000287773c0000, 0x00000287776f0000]
CodeCache: size=245760Kb, used=21841Kb, max_used=21925Kb, free=223916Kb
 total_blobs=8159, nmethods=7459, adapters=606, full_count=0
Compilation: enabled, stopped_count=0, restarted_count=0

Compilation events (20 events):
Event: 173.922 Thread 0x000002876c9b4680 8228       3       com.google.gson.JsonPrimitive::getAsString (84 bytes)
Event: 173.924 Thread 0x000002876c9b4680 nmethod 8228 0x0000028770a75b90 code [0x0000028770a75e80, 0x0000028770a76ef8]
Event: 173.924 Thread 0x000002876c9b4680 8220       3       com.google.gson.JsonObject::add (21 bytes)
Event: 173.924 Thread 0x000002876c9b4680 nmethod 8220 0x0000028770a77390 code [0x0000028770a77540, 0x0000028770a776d0]
Event: 173.924 Thread 0x000002876c9b4680 8229       3       com.google.gson.JsonElement::isJsonObject (5 bytes)
Event: 173.924 Thread 0x000002876c9b4680 nmethod 8229 0x0000028770a77790 code [0x0000028770a77940, 0x0000028770a77b48]
Event: 173.924 Thread 0x000002876c9b4680 8224       3       java.util.ArrayDeque::removeLast (19 bytes)
Event: 173.925 Thread 0x000002876c9b4680 nmethod 8224 0x0000028770a77c10 code [0x0000028770a77de0, 0x0000028770a78028]
Event: 173.925 Thread 0x000002876c9b4680 8230       3       com.google.gson.JsonObject::get (12 bytes)
Event: 173.925 Thread 0x000002876c9b4680 nmethod 8230 0x0000028770a78110 code [0x0000028770a782e0, 0x0000028770a786b0]
Event: 173.925 Thread 0x000002876c9b4680 8225       3       java.util.ArrayDeque::pollLast (36 bytes)
Event: 173.926 Thread 0x000002876c9b4680 nmethod 8225 0x0000028770a78810 code [0x0000028770a789e0, 0x0000028770a78d88]
Event: 173.926 Thread 0x000002876c9b4680 8227       3       java.io.BufferedReader::ensureOpen (18 bytes)
Event: 173.926 Thread 0x000002876c9b4680 nmethod 8227 0x0000028770a78f10 code [0x0000028770a790c0, 0x0000028770a792c8]
Event: 174.060 Thread 0x000002876c9ae660 nmethod 8222 0x0000028777c85390 code [0x0000028777c85720, 0x0000028777c87ae8]
Event: 174.061 Thread 0x000002876c9ae660 8226       4       java.lang.StringBuilder::toString (9 bytes)
Event: 174.073 Thread 0x000002876c9ae660 nmethod 8226 0x0000028777c89290 code [0x0000028777c89460, 0x0000028777c89a50]
Event: 174.073 Thread 0x000002876c9ae660 8223       4       com.google.gson.internal.LinkedTreeMap::put (56 bytes)
Event: 174.091 Thread 0x000002876c9ae660 nmethod 8223 0x0000028777c89d90 code [0x0000028777c89f80, 0x0000028777c8a928]
Event: 174.108 Thread 0x000002876c9ae660 8231       4       com.google.gson.stream.JsonWriter::string (171 bytes)

GC Heap History (20 events):
Event: 159.169 GC heap before
{Heap before GC invocations=84 (full 3):
 PSYoungGen      total 13312K, used 12896K [0x00000000d5580000, 0x00000000d6380000, 0x0000000100000000)
  eden space 12800K, 100% used [0x00000000d5580000,0x00000000d6200000,0x00000000d6200000)
  from space 512K, 18% used [0x00000000d6300000,0x00000000d6318000,0x00000000d6380000)
  to   space 512K, 0% used [0x00000000d6280000,0x00000000d6280000,0x00000000d6300000)
 ParOldGen       total 68608K, used 45377K [0x0000000080000000, 0x0000000084300000, 0x00000000d5580000)
  object space 68608K, 66% used [0x0000000080000000,0x0000000082c507f8,0x0000000084300000)
 Metaspace       used 65084K, committed 66496K, reserved 1114112K
  class space    used 8231K, committed 8896K, reserved 1048576K
}
Event: 159.171 GC heap after
{Heap after GC invocations=84 (full 3):
 PSYoungGen      total 13312K, used 128K [0x00000000d5580000, 0x00000000d6380000, 0x0000000100000000)
  eden space 12800K, 0% used [0x00000000d5580000,0x00000000d5580000,0x00000000d6200000)
  from space 512K, 25% used [0x00000000d6280000,0x00000000d62a0000,0x00000000d6300000)
  to   space 512K, 0% used [0x00000000d6300000,0x00000000d6300000,0x00000000d6380000)
 ParOldGen       total 68608K, used 45377K [0x0000000080000000, 0x0000000084300000, 0x00000000d5580000)
  object space 68608K, 66% used [0x0000000080000000,0x0000000082c507f8,0x0000000084300000)
 Metaspace       used 65084K, committed 66496K, reserved 1114112K
  class space    used 8231K, committed 8896K, reserved 1048576K
}
Event: 160.611 GC heap before
{Heap before GC invocations=85 (full 3):
 PSYoungGen      total 13312K, used 12928K [0x00000000d5580000, 0x00000000d6380000, 0x0000000100000000)
  eden space 12800K, 100% used [0x00000000d5580000,0x00000000d6200000,0x00000000d6200000)
  from space 512K, 25% used [0x00000000d6280000,0x00000000d62a0000,0x00000000d6300000)
  to   space 512K, 0% used [0x00000000d6300000,0x00000000d6300000,0x00000000d6380000)
 ParOldGen       total 68608K, used 45377K [0x0000000080000000, 0x0000000084300000, 0x00000000d5580000)
  object space 68608K, 66% used [0x0000000080000000,0x0000000082c507f8,0x0000000084300000)
 Metaspace       used 65086K, committed 66560K, reserved 1114112K
  class space    used 8231K, committed 8896K, reserved 1048576K
}
Event: 160.613 GC heap after
{Heap after GC invocations=85 (full 3):
 PSYoungGen      total 13312K, used 160K [0x00000000d5580000, 0x00000000d6380000, 0x0000000100000000)
  eden space 12800K, 0% used [0x00000000d5580000,0x00000000d5580000,0x00000000d6200000)
  from space 512K, 31% used [0x00000000d6300000,0x00000000d6328000,0x00000000d6380000)
  to   space 512K, 0% used [0x00000000d6280000,0x00000000d6280000,0x00000000d6300000)
 ParOldGen       total 68608K, used 45409K [0x0000000080000000, 0x0000000084300000, 0x00000000d5580000)
  object space 68608K, 66% used [0x0000000080000000,0x0000000082c587f8,0x0000000084300000)
 Metaspace       used 65086K, committed 66560K, reserved 1114112K
  class space    used 8231K, committed 8896K, reserved 1048576K
}
Event: 162.515 GC heap before
{Heap before GC invocations=86 (full 3):
 PSYoungGen      total 13312K, used 12960K [0x00000000d5580000, 0x00000000d6380000, 0x0000000100000000)
  eden space 12800K, 100% used [0x00000000d5580000,0x00000000d6200000,0x00000000d6200000)
  from space 512K, 31% used [0x00000000d6300000,0x00000000d6328000,0x00000000d6380000)
  to   space 512K, 0% used [0x00000000d6280000,0x00000000d6280000,0x00000000d6300000)
 ParOldGen       total 68608K, used 45409K [0x0000000080000000, 0x0000000084300000, 0x00000000d5580000)
  object space 68608K, 66% used [0x0000000080000000,0x0000000082c587f8,0x0000000084300000)
 Metaspace       used 65086K, committed 66560K, reserved 1114112K
  class space    used 8231K, committed 8896K, reserved 1048576K
}
Event: 162.516 GC heap after
{Heap after GC invocations=86 (full 3):
 PSYoungGen      total 13312K, used 128K [0x00000000d5580000, 0x00000000d6380000, 0x0000000100000000)
  eden space 12800K, 0% used [0x00000000d5580000,0x00000000d5580000,0x00000000d6200000)
  from space 512K, 25% used [0x00000000d6280000,0x00000000d62a0000,0x00000000d6300000)
  to   space 512K, 0% used [0x00000000d6300000,0x00000000d6300000,0x00000000d6380000)
 ParOldGen       total 68608K, used 45441K [0x0000000080000000, 0x0000000084300000, 0x00000000d5580000)
  object space 68608K, 66% used [0x0000000080000000,0x0000000082c607f8,0x0000000084300000)
 Metaspace       used 65086K, committed 66560K, reserved 1114112K
  class space    used 8231K, committed 8896K, reserved 1048576K
}
Event: 164.177 GC heap before
{Heap before GC invocations=87 (full 3):
 PSYoungGen      total 13312K, used 12928K [0x00000000d5580000, 0x00000000d6380000, 0x0000000100000000)
  eden space 12800K, 100% used [0x00000000d5580000,0x00000000d6200000,0x00000000d6200000)
  from space 512K, 25% used [0x00000000d6280000,0x00000000d62a0000,0x00000000d6300000)
  to   space 512K, 0% used [0x00000000d6300000,0x00000000d6300000,0x00000000d6380000)
 ParOldGen       total 68608K, used 45441K [0x0000000080000000, 0x0000000084300000, 0x00000000d5580000)
  object space 68608K, 66% used [0x0000000080000000,0x0000000082c607f8,0x0000000084300000)
 Metaspace       used 65087K, committed 66560K, reserved 1114112K
  class space    used 8231K, committed 8896K, reserved 1048576K
}
Event: 164.178 GC heap after
{Heap after GC invocations=87 (full 3):
 PSYoungGen      total 13312K, used 160K [0x00000000d5580000, 0x00000000d6380000, 0x0000000100000000)
  eden space 12800K, 0% used [0x00000000d5580000,0x00000000d5580000,0x00000000d6200000)
  from space 512K, 31% used [0x00000000d6300000,0x00000000d6328000,0x00000000d6380000)
  to   space 512K, 0% used [0x00000000d6280000,0x00000000d6280000,0x00000000d6300000)
 ParOldGen       total 68608K, used 45441K [0x0000000080000000, 0x0000000084300000, 0x00000000d5580000)
  object space 68608K, 66% used [0x0000000080000000,0x0000000082c607f8,0x0000000084300000)
 Metaspace       used 65087K, committed 66560K, reserved 1114112K
  class space    used 8231K, committed 8896K, reserved 1048576K
}
Event: 165.507 GC heap before
{Heap before GC invocations=88 (full 3):
 PSYoungGen      total 13312K, used 12960K [0x00000000d5580000, 0x00000000d6380000, 0x0000000100000000)
  eden space 12800K, 100% used [0x00000000d5580000,0x00000000d6200000,0x00000000d6200000)
  from space 512K, 31% used [0x00000000d6300000,0x00000000d6328000,0x00000000d6380000)
  to   space 512K, 0% used [0x00000000d6280000,0x00000000d6280000,0x00000000d6300000)
 ParOldGen       total 68608K, used 45441K [0x0000000080000000, 0x0000000084300000, 0x00000000d5580000)
  object space 68608K, 66% used [0x0000000080000000,0x0000000082c607f8,0x0000000084300000)
 Metaspace       used 65087K, committed 66560K, reserved 1114112K
  class space    used 8231K, committed 8896K, reserved 1048576K
}
Event: 165.515 GC heap after
{Heap after GC invocations=88 (full 3):
 PSYoungGen      total 13312K, used 128K [0x00000000d5580000, 0x00000000d6380000, 0x0000000100000000)
  eden space 12800K, 0% used [0x00000000d5580000,0x00000000d5580000,0x00000000d6200000)
  from space 512K, 25% used [0x00000000d6280000,0x00000000d62a0000,0x00000000d6300000)
  to   space 512K, 0% used [0x00000000d6300000,0x00000000d6300000,0x00000000d6380000)
 ParOldGen       total 68608K, used 45449K [0x0000000080000000, 0x0000000084300000, 0x00000000d5580000)
  object space 68608K, 66% used [0x0000000080000000,0x0000000082c627f8,0x0000000084300000)
 Metaspace       used 65087K, committed 66560K, reserved 1114112K
  class space    used 8231K, committed 8896K, reserved 1048576K
}
Event: 167.829 GC heap before
{Heap before GC invocations=89 (full 3):
 PSYoungGen      total 13312K, used 12928K [0x00000000d5580000, 0x00000000d6380000, 0x0000000100000000)
  eden space 12800K, 100% used [0x00000000d5580000,0x00000000d6200000,0x00000000d6200000)
  from space 512K, 25% used [0x00000000d6280000,0x00000000d62a0000,0x00000000d6300000)
  to   space 512K, 0% used [0x00000000d6300000,0x00000000d6300000,0x00000000d6380000)
 ParOldGen       total 68608K, used 45449K [0x0000000080000000, 0x0000000084300000, 0x00000000d5580000)
  object space 68608K, 66% used [0x0000000080000000,0x0000000082c627f8,0x0000000084300000)
 Metaspace       used 65095K, committed 66560K, reserved 1114112K
  class space    used 8231K, committed 8896K, reserved 1048576K
}
Event: 167.831 GC heap after
{Heap after GC invocations=89 (full 3):
 PSYoungGen      total 13312K, used 128K [0x00000000d5580000, 0x00000000d6380000, 0x0000000100000000)
  eden space 12800K, 0% used [0x00000000d5580000,0x00000000d5580000,0x00000000d6200000)
  from space 512K, 25% used [0x00000000d6300000,0x00000000d6320000,0x00000000d6380000)
  to   space 512K, 0% used [0x00000000d6280000,0x00000000d6280000,0x00000000d6300000)
 ParOldGen       total 68608K, used 45457K [0x0000000080000000, 0x0000000084300000, 0x00000000d5580000)
  object space 68608K, 66% used [0x0000000080000000,0x0000000082c647f8,0x0000000084300000)
 Metaspace       used 65095K, committed 66560K, reserved 1114112K
  class space    used 8231K, committed 8896K, reserved 1048576K
}
Event: 169.325 GC heap before
{Heap before GC invocations=90 (full 3):
 PSYoungGen      total 13312K, used 12928K [0x00000000d5580000, 0x00000000d6380000, 0x0000000100000000)
  eden space 12800K, 100% used [0x00000000d5580000,0x00000000d6200000,0x00000000d6200000)
  from space 512K, 25% used [0x00000000d6300000,0x00000000d6320000,0x00000000d6380000)
  to   space 512K, 0% used [0x00000000d6280000,0x00000000d6280000,0x00000000d6300000)
 ParOldGen       total 68608K, used 45457K [0x0000000080000000, 0x0000000084300000, 0x00000000d5580000)
  object space 68608K, 66% used [0x0000000080000000,0x0000000082c647f8,0x0000000084300000)
 Metaspace       used 65095K, committed 66560K, reserved 1114112K
  class space    used 8231K, committed 8896K, reserved 1048576K
}
Event: 169.326 GC heap after
{Heap after GC invocations=90 (full 3):
 PSYoungGen      total 13312K, used 160K [0x00000000d5580000, 0x00000000d6380000, 0x0000000100000000)
  eden space 12800K, 0% used [0x00000000d5580000,0x00000000d5580000,0x00000000d6200000)
  from space 512K, 31% used [0x00000000d6280000,0x00000000d62a8000,0x00000000d6300000)
  to   space 512K, 0% used [0x00000000d6300000,0x00000000d6300000,0x00000000d6380000)
 ParOldGen       total 68608K, used 45497K [0x0000000080000000, 0x0000000084300000, 0x00000000d5580000)
  object space 68608K, 66% used [0x0000000080000000,0x0000000082c6e7f8,0x0000000084300000)
 Metaspace       used 65095K, committed 66560K, reserved 1114112K
  class space    used 8231K, committed 8896K, reserved 1048576K
}
Event: 170.110 GC heap before
{Heap before GC invocations=91 (full 3):
 PSYoungGen      total 13312K, used 12960K [0x00000000d5580000, 0x00000000d6380000, 0x0000000100000000)
  eden space 12800K, 100% used [0x00000000d5580000,0x00000000d6200000,0x00000000d6200000)
  from space 512K, 31% used [0x00000000d6280000,0x00000000d62a8000,0x00000000d6300000)
  to   space 512K, 0% used [0x00000000d6300000,0x00000000d6300000,0x00000000d6380000)
 ParOldGen       total 68608K, used 45497K [0x0000000080000000, 0x0000000084300000, 0x00000000d5580000)
  object space 68608K, 66% used [0x0000000080000000,0x0000000082c6e7f8,0x0000000084300000)
 Metaspace       used 65095K, committed 66560K, reserved 1114112K
  class space    used 8231K, committed 8896K, reserved 1048576K
}
Event: 170.111 GC heap after
{Heap after GC invocations=91 (full 3):
 PSYoungGen      total 13312K, used 160K [0x00000000d5580000, 0x00000000d6380000, 0x0000000100000000)
  eden space 12800K, 0% used [0x00000000d5580000,0x00000000d5580000,0x00000000d6200000)
  from space 512K, 31% used [0x00000000d6300000,0x00000000d6328000,0x00000000d6380000)
  to   space 512K, 0% used [0x00000000d6280000,0x00000000d6280000,0x00000000d6300000)
 ParOldGen       total 68608K, used 45513K [0x0000000080000000, 0x0000000084300000, 0x00000000d5580000)
  object space 68608K, 66% used [0x0000000080000000,0x0000000082c727f8,0x0000000084300000)
 Metaspace       used 65095K, committed 66560K, reserved 1114112K
  class space    used 8231K, committed 8896K, reserved 1048576K
}
Event: 171.957 GC heap before
{Heap before GC invocations=92 (full 3):
 PSYoungGen      total 13312K, used 12960K [0x00000000d5580000, 0x00000000d6380000, 0x0000000100000000)
  eden space 12800K, 100% used [0x00000000d5580000,0x00000000d6200000,0x00000000d6200000)
  from space 512K, 31% used [0x00000000d6300000,0x00000000d6328000,0x00000000d6380000)
  to   space 512K, 0% used [0x00000000d6280000,0x00000000d6280000,0x00000000d6300000)
 ParOldGen       total 68608K, used 45513K [0x0000000080000000, 0x0000000084300000, 0x00000000d5580000)
  object space 68608K, 66% used [0x0000000080000000,0x0000000082c727f8,0x0000000084300000)
 Metaspace       used 65104K, committed 66560K, reserved 1114112K
  class space    used 8232K, committed 8896K, reserved 1048576K
}
Event: 171.958 GC heap after
{Heap after GC invocations=92 (full 3):
 PSYoungGen      total 13312K, used 224K [0x00000000d5580000, 0x00000000d6380000, 0x0000000100000000)
  eden space 12800K, 0% used [0x00000000d5580000,0x00000000d5580000,0x00000000d6200000)
  from space 512K, 43% used [0x00000000d6280000,0x00000000d62b8000,0x00000000d6300000)
  to   space 512K, 0% used [0x00000000d6300000,0x00000000d6300000,0x00000000d6380000)
 ParOldGen       total 68608K, used 45513K [0x0000000080000000, 0x0000000084300000, 0x00000000d5580000)
  object space 68608K, 66% used [0x0000000080000000,0x0000000082c727f8,0x0000000084300000)
 Metaspace       used 65104K, committed 66560K, reserved 1114112K
  class space    used 8232K, committed 8896K, reserved 1048576K
}
Event: 173.912 GC heap before
{Heap before GC invocations=93 (full 3):
 PSYoungGen      total 13312K, used 13024K [0x00000000d5580000, 0x00000000d6380000, 0x0000000100000000)
  eden space 12800K, 100% used [0x00000000d5580000,0x00000000d6200000,0x00000000d6200000)
  from space 512K, 43% used [0x00000000d6280000,0x00000000d62b8000,0x00000000d6300000)
  to   space 512K, 0% used [0x00000000d6300000,0x00000000d6300000,0x00000000d6380000)
 ParOldGen       total 68608K, used 45513K [0x0000000080000000, 0x0000000084300000, 0x00000000d5580000)
  object space 68608K, 66% used [0x0000000080000000,0x0000000082c727f8,0x0000000084300000)
 Metaspace       used 65285K, committed 66752K, reserved 1114112K
  class space    used 8263K, committed 8960K, reserved 1048576K
}
Event: 173.914 GC heap after
{Heap after GC invocations=93 (full 3):
 PSYoungGen      total 13312K, used 272K [0x00000000d5580000, 0x00000000d6380000, 0x0000000100000000)
  eden space 12800K, 0% used [0x00000000d5580000,0x00000000d5580000,0x00000000d6200000)
  from space 512K, 53% used [0x00000000d6300000,0x00000000d6344010,0x00000000d6380000)
  to   space 512K, 0% used [0x00000000d6280000,0x00000000d6280000,0x00000000d6300000)
 ParOldGen       total 68608K, used 45553K [0x0000000080000000, 0x0000000084300000, 0x00000000d5580000)
  object space 68608K, 66% used [0x0000000080000000,0x0000000082c7c7f8,0x0000000084300000)
 Metaspace       used 65285K, committed 66752K, reserved 1114112K
  class space    used 8263K, committed 8960K, reserved 1048576K
}

Dll operation events (15 events):
Event: 0.021 Loaded shared library c:\Users\koder\.vscode\extensions\redhat.java-1.54.0-win32-x64\jre\21.0.10-win32-x86_64\bin\java.dll
Event: 0.159 Loaded shared library c:\Users\koder\.vscode\extensions\redhat.java-1.54.0-win32-x64\jre\21.0.10-win32-x86_64\bin\zip.dll
Event: 0.212 Loaded shared library C:\Users\koder\.vscode\extensions\redhat.java-1.54.0-win32-x64\jre\21.0.10-win32-x86_64\bin\instrument.dll
Event: 0.223 Loaded shared library C:\Users\koder\.vscode\extensions\redhat.java-1.54.0-win32-x64\jre\21.0.10-win32-x86_64\bin\net.dll
Event: 0.228 Loaded shared library C:\Users\koder\.vscode\extensions\redhat.java-1.54.0-win32-x64\jre\21.0.10-win32-x86_64\bin\nio.dll
Event: 0.234 Loaded shared library C:\Users\koder\.vscode\extensions\redhat.java-1.54.0-win32-x64\jre\21.0.10-win32-x86_64\bin\zip.dll
Event: 0.271 Loaded shared library C:\Users\koder\.vscode\extensions\redhat.java-1.54.0-win32-x64\jre\21.0.10-win32-x86_64\bin\jimage.dll
Event: 0.416 Loaded shared library c:\Users\koder\.vscode\extensions\redhat.java-1.54.0-win32-x64\jre\21.0.10-win32-x86_64\bin\verify.dll
Event: 18.094 Loaded shared library C:\Users\koder\AppData\Roaming\Code\User\globalStorage\redhat.java\1.54.0\config_win\org.eclipse.equinox.launcher\org.eclipse.equinox.launcher.win32.win32.x86_64_1.3.0.v20260203-2149\eclipse_11919.dll
Event: 46.531 Loaded shared library C:\Users\koder\AppData\Local\Temp\jna--1126057502\jna6095204858947096735.dll
Event: 58.144 Loaded shared library C:\Users\koder\.gradle\native\1def1411415f61bf3af743bc5b6707747c0891f09f0c88961ee8f79bc544acac\windows-amd64\native-platform.dll
Event: 61.181 Loaded shared library C:\Users\koder\.vscode\extensions\redhat.java-1.54.0-win32-x64\jre\21.0.10-win32-x86_64\bin\management.dll
Event: 61.192 Loaded shared library C:\Users\koder\.vscode\extensions\redhat.java-1.54.0-win32-x64\jre\21.0.10-win32-x86_64\bin\management_ext.dll
Event: 68.609 Loaded shared library C:\Users\koder\.vscode\extensions\redhat.java-1.54.0-win32-x64\jre\21.0.10-win32-x86_64\bin\extnet.dll
Event: 79.417 Loaded shared library C:\Users\koder\.vscode\extensions\redhat.java-1.54.0-win32-x64\jre\21.0.10-win32-x86_64\bin\sunmscapi.dll

Deoptimization events (20 events):
Event: 173.909 Thread 0x000002874a8b0790 Uncommon trap: trap_request=0xffffffde fr.pc=0x0000028777c0ee7c relative=0x0000000000000bbc
Event: 173.909 Thread 0x000002874a8b0790 Uncommon trap: reason=class_check action=maybe_recompile pc=0x0000028777c0ee7c method=org.eclipse.core.internal.dtree.DeltaDataTree.lookup(Lorg/eclipse/core/runtime/IPath;)Lorg/eclipse/core/internal/dtree/DataTreeLookup; @ 66 c2
Event: 173.909 Thread 0x000002874a8b0790 DEOPT PACKING pc=0x0000028777c0ee7c sp=0x00000087d61fe9f0
Event: 173.909 Thread 0x000002874a8b0790 DEOPT UNPACKING pc=0x00000287771a3aa2 sp=0x00000087d61fe9a0 mode 2
Event: 173.922 Thread 0x000002874dd95a40 Uncommon trap: trap_request=0xffffffc6 fr.pc=0x0000028777c6bb80 relative=0x0000000000001f40
Event: 173.922 Thread 0x000002874dd95a40 Uncommon trap: reason=bimorphic_or_optimized_type_check action=maybe_recompile pc=0x0000028777c6bb80 method=org.eclipse.jdt.ls.core.internal.JobHelpers$InitializeJobMatcher.matches(Lorg/eclipse/core/runtime/jobs/Job;)Z @ 3 c2
Event: 173.922 Thread 0x000002874dd95a40 DEOPT PACKING pc=0x0000028777c6bb80 sp=0x00000087d73fe980
Event: 173.922 Thread 0x000002874dd95a40 DEOPT UNPACKING pc=0x00000287771a3aa2 sp=0x00000087d73fe908 mode 2
Event: 173.935 Thread 0x000002874dd95a40 Uncommon trap: trap_request=0xffffffc6 fr.pc=0x0000028777c6bb80 relative=0x0000000000001f40
Event: 173.935 Thread 0x000002874dd95a40 Uncommon trap: reason=bimorphic_or_optimized_type_check action=maybe_recompile pc=0x0000028777c6bb80 method=org.eclipse.jdt.ls.core.internal.JobHelpers$InitializeJobMatcher.matches(Lorg/eclipse/core/runtime/jobs/Job;)Z @ 3 c2
Event: 173.935 Thread 0x000002874dd95a40 DEOPT PACKING pc=0x0000028777c6bb80 sp=0x00000087d73fe980
Event: 173.936 Thread 0x000002874dd95a40 DEOPT UNPACKING pc=0x00000287771a3aa2 sp=0x00000087d73fe908 mode 2
Event: 173.946 Thread 0x000002874dd95a40 Uncommon trap: trap_request=0xffffffc6 fr.pc=0x0000028777c6bb80 relative=0x0000000000001f40
Event: 173.946 Thread 0x000002874dd95a40 Uncommon trap: reason=bimorphic_or_optimized_type_check action=maybe_recompile pc=0x0000028777c6bb80 method=org.eclipse.jdt.ls.core.internal.JobHelpers$InitializeJobMatcher.matches(Lorg/eclipse/core/runtime/jobs/Job;)Z @ 3 c2
Event: 173.946 Thread 0x000002874dd95a40 DEOPT PACKING pc=0x0000028777c6bb80 sp=0x00000087d73fe980
Event: 173.946 Thread 0x000002874dd95a40 DEOPT UNPACKING pc=0x00000287771a3aa2 sp=0x00000087d73fe908 mode 2
Event: 173.957 Thread 0x000002874dd95a40 Uncommon trap: trap_request=0xffffffc6 fr.pc=0x0000028777c6bb80 relative=0x0000000000001f40
Event: 173.957 Thread 0x000002874dd95a40 Uncommon trap: reason=bimorphic_or_optimized_type_check action=maybe_recompile pc=0x0000028777c6bb80 method=org.eclipse.jdt.ls.core.internal.JobHelpers$InitializeJobMatcher.matches(Lorg/eclipse/core/runtime/jobs/Job;)Z @ 3 c2
Event: 173.957 Thread 0x000002874dd95a40 DEOPT PACKING pc=0x0000028777c6bb80 sp=0x00000087d73fe980
Event: 173.957 Thread 0x000002874dd95a40 DEOPT UNPACKING pc=0x00000287771a3aa2 sp=0x00000087d73fe908 mode 2

Classes loaded (20 events):
Event: 79.530 Loading class java/io/ObjectStreamClass$5
Event: 79.530 Loading class java/io/ObjectStreamClass$5 done
Event: 79.557 Loading class java/nio/channels/spi/AbstractSelector$1
Event: 79.558 Loading class java/nio/channels/spi/AbstractSelector$1 done
Event: 79.930 Loading class java/util/concurrent/Executors$AutoShutdownDelegatedExecutorService
Event: 79.930 Loading class java/util/concurrent/Executors$AutoShutdownDelegatedExecutorService done
Event: 83.675 Loading class java/lang/UnsupportedClassVersionError
Event: 83.675 Loading class java/lang/UnsupportedClassVersionError done
Event: 109.249 Loading class java/time/Ser
Event: 109.250 Loading class java/time/Ser done
Event: 173.157 Loading class sun/net/ConnectionResetException
Event: 173.158 Loading class sun/net/ConnectionResetException done
Event: 173.195 Loading class java/util/concurrent/ConcurrentLinkedQueue$Itr
Event: 173.195 Loading class java/util/concurrent/ConcurrentLinkedQueue$Itr done
Event: 173.300 Loading class sun/misc/SharedSecrets
Event: 173.300 Loading class sun/misc/SharedSecrets done
Event: 173.300 Loading class java/lang/Throwable$WrappedPrintWriter
Event: 173.300 Loading class java/lang/Throwable$PrintStreamOrWriter
Event: 173.301 Loading class java/lang/Throwable$PrintStreamOrWriter done
Event: 173.301 Loading class java/lang/Throwable$WrappedPrintWriter done

Classes unloaded (7 events):
Event: 48.285 Thread 0x000002876c993600 Unloading class 0x00000287051aa000 'java/lang/invoke/LambdaForm$MH+0x00000287051aa000'
Event: 48.285 Thread 0x000002876c993600 Unloading class 0x00000287051a9c00 'java/lang/invoke/LambdaForm$MH+0x00000287051a9c00'
Event: 48.285 Thread 0x000002876c993600 Unloading class 0x00000287051a9800 'java/lang/invoke/LambdaForm$MH+0x00000287051a9800'
Event: 48.285 Thread 0x000002876c993600 Unloading class 0x00000287051a9400 'java/lang/invoke/LambdaForm$MH+0x00000287051a9400'
Event: 48.285 Thread 0x000002876c993600 Unloading class 0x00000287051a9000 'java/lang/invoke/LambdaForm$BMH+0x00000287051a9000'
Event: 48.285 Thread 0x000002876c993600 Unloading class 0x00000287051a8c00 'java/lang/invoke/LambdaForm$DMH+0x00000287051a8c00'
Event: 48.285 Thread 0x000002876c993600 Unloading class 0x00000287051a3800 'java/lang/invoke/LambdaForm$DMH+0x00000287051a3800'

Classes redefined (0 events):
No events

Internal exceptions (20 events):
Event: 86.725 Thread 0x000002874ee0fe00 Exception <a 'java/lang/NoSuchMethodError'{0x00000000d580a690}: static Lorg/gradle/internal/build/event/types/AbstractOperationResult;.<clinit>()V> (0x00000000d580a690) 
thrown [s\src\hotspot\share\prims\jni.cpp, line 1111]
Event: 86.726 Thread 0x000002874ee0fe00 Exception <a 'java/lang/NoSuchMethodError'{0x00000000d58186c0}: static Lorg/gradle/internal/build/event/types/DefaultSuccessResult;.<clinit>()V> (0x00000000d58186c0) 
thrown [s\src\hotspot\share\prims\jni.cpp, line 1111]
Event: 96.045 Thread 0x000002874ee0fe00 Exception <a 'java/lang/NoSuchMethodError'{0x00000000d596dab8}: static Lorg/gradle/internal/build/event/types/DefaultBuildPhaseDescriptor;.<clinit>()V> (0x00000000d596dab8) 
thrown [s\src\hotspot\share\prims\jni.cpp, line 1111]
Event: 97.214 Thread 0x000002874ee0fe00 Exception <a 'java/lang/NoSuchMethodError'{0x00000000d5a112e0}: static Lorg/gradle/internal/build/event/types/DefaultProjectConfigurationDescriptor;.<clinit>()V> (0x00000000d5a112e0) 
thrown [s\src\hotspot\share\prims\jni.cpp, line 1111]
Event: 109.242 Thread 0x000002874ee0fe00 Exception <a 'java/lang/NoSuchMethodError'{0x00000000d60c0850}: static Lorg/gradle/internal/build/event/types/AbstractProjectConfigurationResult;.<clinit>()V> (0x00000000d60c0850) 
thrown [s\src\hotspot\share\prims\jni.cpp, line 1111]
Event: 109.243 Thread 0x000002874ee0fe00 Exception <a 'java/lang/NoSuchMethodError'{0x00000000d60d0038}: static Lorg/gradle/internal/build/event/types/DefaultProjectConfigurationSuccessResult;.<clinit>()V> (0x00000000d60d0038) 
thrown [s\src\hotspot\share\prims\jni.cpp, line 1111]
Event: 109.246 Thread 0x000002874ee0fe00 Exception <a 'java/lang/NoSuchMethodError'{0x00000000d60e9250}: static Lorg/gradle/internal/build/event/types/DefaultPluginApplicationResult;.<clinit>()V> (0x00000000d60e9250) 
thrown [s\src\hotspot\share\prims\jni.cpp, line 1111]
Event: 109.249 Thread 0x000002874ee0fe00 Exception <a 'java/lang/NoSuchMethodError'{0x00000000d6101fe0}: static Lorg/gradle/internal/build/event/types/DefaultBinaryPluginIdentifier;.<clinit>()V> (0x00000000d6101fe0) 
thrown [s\src\hotspot\share\prims\jni.cpp, line 1111]
Event: 109.253 Thread 0x000002874ee0fe00 Exception <a 'java/lang/NoSuchMethodError'{0x00000000d6121b20}: static Lorg/gradle/internal/build/event/types/DefaultScriptPluginIdentifier;.<clinit>()V> (0x00000000d6121b20) 
thrown [s\src\hotspot\share\prims\jni.cpp, line 1111]
Event: 110.709 Thread 0x000002874ee0fe00 Exception <a 'java/lang/NoSuchMethodError'{0x00000000d570a520}: static Lorg/gradle/internal/build/event/types/DefaultTaskStartedProgressEvent;.<clinit>()V> (0x00000000d570a520) 
thrown [s\src\hotspot\share\prims\jni.cpp, line 1111]
Event: 110.715 Thread 0x000002874ee0fe00 Exception <a 'java/lang/NoSuchMethodError'{0x00000000d5723358}: static Lorg/gradle/internal/build/event/types/DefaultTaskDescriptor;.<clinit>()V> (0x00000000d5723358) 
thrown [s\src\hotspot\share\prims\jni.cpp, line 1111]
Event: 110.728 Thread 0x000002874ee0fe00 Exception <a 'java/lang/NoSuchMethodError'{0x00000000d5761078}: static Lorg/gradle/internal/build/event/types/DefaultTaskFinishedProgressEvent;.<clinit>()V> (0x00000000d5761078) 
thrown [s\src\hotspot\share\prims\jni.cpp, line 1111]
Event: 110.731 Thread 0x000002874ee0fe00 Exception <a 'java/lang/NoSuchMethodError'{0x00000000d5779b68}: static Lorg/gradle/internal/build/event/types/AbstractTaskResult;.<clinit>()V> (0x00000000d5779b68) 
thrown [s\src\hotspot\share\prims\jni.cpp, line 1111]
Event: 110.733 Thread 0x000002874ee0fe00 Exception <a 'java/lang/NoSuchMethodError'{0x00000000d5788b88}: static Lorg/gradle/internal/build/event/types/DefaultTaskSkippedResult;.<clinit>()V> (0x00000000d5788b88) 
thrown [s\src\hotspot\share\prims\jni.cpp, line 1111]
Event: 111.955 Thread 0x000002874ee0fe00 Exception <a 'java/lang/NoSuchMethodError'{0x00000000d5bfbf50}: static Lorg/gradle/internal/build/event/types/DefaultTaskSuccessResult;.<clinit>()V> (0x00000000d5bfbf50) 
thrown [s\src\hotspot\share\prims\jni.cpp, line 1111]
Event: 173.158 Thread 0x000002874ee0fe00 Exception <a 'sun/net/ConnectionResetException'{0x00000000d5f0dc48}: Connection reset> (0x00000000d5f0dc48) 
thrown [s\src\hotspot\share\prims\jni.cpp, line 539]
Event: 173.187 Thread 0x000002874ee0fe00 Exception <a 'java/io/IOException'{0x00000000d5f6aaa8}: Connection reset by peer> (0x00000000d5f6aaa8) 
thrown [s\src\hotspot\share\prims\jni.cpp, line 539]
Event: 173.300 Thread 0x000002874a8b0790 Exception <a 'java/lang/ClassNotFoundException'{0x00000000d601fdc0}: sun/misc/SharedSecrets> (0x00000000d601fdc0) 
thrown [s\src\hotspot\share\classfile\systemDictionary.cpp, line 312]
Event: 173.303 Thread 0x000002874a8b0790 Exception <a 'java/lang/NoSuchMethodError'{0x00000000d603cb80}: 'void java.lang.invoke.DirectMethodHandle$Holder.invokeStatic(java.lang.Object, int, java.lang.Object)'> (0x00000000d603cb80) 
thrown [s\src\hotspot\share\interpreter\linkResolver.cpp, line 773]
Event: 173.305 Thread 0x000002874a8b0790 Exception <a 'java/lang/NoSuchMethodError'{0x00000000d604a588}: 'void java.lang.invoke.DirectMethodHandle$Holder.invokeSpecialIFC(java.lang.Object, java.lang.Object, java.lang.Object, java.lang.Object)'> (0x00000000d604a588) 
thrown [s\src\hotspot\share\interpreter\linkResolver.cpp, line 773]

ZGC Phase Switch (0 events):
No events

VM Operations (20 events):
Event: 165.507 Executing safepoint VM operation: ParallelGCFailedAllocation (Allocation Failure)
Event: 165.515 Executing safepoint VM operation: ParallelGCFailedAllocation (Allocation Failure) done
Event: 166.516 Executing safepoint VM operation: Cleanup
Event: 166.516 Executing safepoint VM operation: Cleanup done
Event: 167.516 Executing safepoint VM operation: Cleanup
Event: 167.516 Executing safepoint VM operation: Cleanup done
Event: 167.829 Executing safepoint VM operation: ParallelGCFailedAllocation (Allocation Failure)
Event: 167.831 Executing safepoint VM operation: ParallelGCFailedAllocation (Allocation Failure) done
Event: 169.325 Executing safepoint VM operation: ParallelGCFailedAllocation (Allocation Failure)
Event: 169.326 Executing safepoint VM operation: ParallelGCFailedAllocation (Allocation Failure) done
Event: 170.110 Executing safepoint VM operation: ParallelGCFailedAllocation (Allocation Failure)
Event: 170.111 Executing safepoint VM operation: ParallelGCFailedAllocation (Allocation Failure) done
Event: 171.957 Executing safepoint VM operation: ParallelGCFailedAllocation (Allocation Failure)
Event: 171.958 Executing safepoint VM operation: ParallelGCFailedAllocation (Allocation Failure) done
Event: 173.247 Executing non-safepoint VM operation: HandshakeAllThreads (Deoptimize)
Event: 173.248 Executing non-safepoint VM operation: HandshakeAllThreads (Deoptimize) done
Event: 173.248 Executing safepoint VM operation: Cleanup
Event: 173.248 Executing safepoint VM operation: Cleanup done
Event: 173.912 Executing safepoint VM operation: ParallelGCFailedAllocation (Allocation Failure)
Event: 173.914 Executing safepoint VM operation: ParallelGCFailedAllocation (Allocation Failure) done

Memory protections (0 events):
No events

Nmethod flushes (20 events):
Event: 63.829 Thread 0x000002876c993600 flushing  nmethod 0x0000028770524c90
Event: 63.829 Thread 0x000002876c993600 flushing  nmethod 0x0000028770525210
Event: 63.829 Thread 0x000002876c993600 flushing  nmethod 0x0000028770526210
Event: 63.829 Thread 0x000002876c993600 flushing  nmethod 0x0000028770526690
Event: 63.829 Thread 0x000002876c993600 flushing  nmethod 0x000002877052a490
Event: 63.829 Thread 0x000002876c993600 flushing  nmethod 0x000002877052a810
Event: 63.829 Thread 0x000002876c993600 flushing  nmethod 0x000002877052b710
Event: 63.829 Thread 0x000002876c993600 flushing  nmethod 0x000002877052bd10
Event: 63.829 Thread 0x000002876c993600 flushing  nmethod 0x000002877052c590
Event: 63.829 Thread 0x000002876c993600 flushing  nmethod 0x000002877052ca90
Event: 63.829 Thread 0x000002876c993600 flushing  nmethod 0x000002877052d290
Event: 63.829 Thread 0x000002876c993600 flushing  nmethod 0x000002877052e410
Event: 63.829 Thread 0x000002876c993600 flushing  nmethod 0x000002877054ed90
Event: 63.829 Thread 0x000002876c993600 flushing  nmethod 0x0000028770558c10
Event: 63.829 Thread 0x000002876c993600 flushing  nmethod 0x0000028770559010
Event: 63.829 Thread 0x000002876c993600 flushing  nmethod 0x000002877055b710
Event: 63.829 Thread 0x000002876c993600 flushing  nmethod 0x000002877055bd10
Event: 63.829 Thread 0x000002876c993600 flushing  nmethod 0x000002877055c590
Event: 63.829 Thread 0x000002876c993600 flushing osr nmethod 0x000002877055e890
Event: 63.829 Thread 0x000002876c993600 flushing  nmethod 0x0000028770561290

Events (20 events):
Event: 79.315 Thread 0x000002874ee13280 Thread exited: 0x000002874ee13280
Event: 79.315 Thread 0x000002874ee10b20 Thread exited: 0x000002874ee10b20
Event: 100.389 Thread 0x000002876c9b4680 Thread added: 0x000002874b12dd70
Event: 100.962 Thread 0x000002874b12dd70 Thread exited: 0x000002874b12dd70
Event: 102.034 Thread 0x000002876c9ae660 Thread added: 0x000002874b12c230
Event: 103.963 Thread 0x000002874b12c230 Thread exited: 0x000002874b12c230
Event: 109.256 Thread 0x000002876c9b4680 Thread added: 0x000002874b12d6a0
Event: 109.539 Thread 0x000002874b12d6a0 Thread exited: 0x000002874b12d6a0
Event: 114.805 Thread 0x000002874dd96df0 Thread exited: 0x000002874dd96df0
Event: 123.037 Thread 0x000002874a8aed50 Thread exited: 0x000002874a8aed50
Event: 123.041 Thread 0x000002874a8b1b40 Thread exited: 0x000002874a8b1b40
Event: 123.042 Thread 0x000002874a8afa70 Thread exited: 0x000002874a8afa70
Event: 130.775 Thread 0x000002874ee11840 Thread exited: 0x000002874ee11840
Event: 130.776 Thread 0x000002874ee12bf0 Thread exited: 0x000002874ee12bf0
Event: 130.817 Thread 0x000002874ee0dd30 Thread exited: 0x000002874ee0dd30
Event: 173.194 Thread 0x000002874ee10490 Thread exited: 0x000002874ee10490
Event: 173.222 Thread 0x000002874ee0fe00 Thread exited: 0x000002874ee0fe00
Event: 173.337 Thread 0x000002874a8b0790 Thread added: 0x000002874ee0dd30
Event: 173.425 Thread 0x000002874a8b0790 Thread added: 0x000002874ee12560
Event: 173.756 Thread 0x000002874ee12560 Thread exited: 0x000002874ee12560


Dynamic libraries:
0x00007ff775880000 - 0x00007ff77588e000 	c:\Users\koder\.vscode\extensions\redhat.java-1.54.0-win32-x64\jre\21.0.10-win32-x86_64\bin\java.exe
0x00007ffb0fec0000 - 0x00007ffb10127000 	C:\WINDOWS\SYSTEM32\ntdll.dll
0x00007ffb0ecf0000 - 0x00007ffb0edb9000 	C:\WINDOWS\System32\KERNEL32.DLL
0x00007ffb0cb10000 - 0x00007ffb0cf04000 	C:\WINDOWS\System32\KERNELBASE.dll
0x00007ffb0d200000 - 0x00007ffb0d34b000 	C:\WINDOWS\System32\ucrtbase.dll
0x00007ffab3c90000 - 0x00007ffab3ca8000 	c:\Users\koder\.vscode\extensions\redhat.java-1.54.0-win32-x64\jre\21.0.10-win32-x86_64\bin\jli.dll
0x00007ffb0faf0000 - 0x00007ffb0fcb5000 	C:\WINDOWS\System32\USER32.dll
0x00007ffb0cae0000 - 0x00007ffb0cb07000 	C:\WINDOWS\System32\win32u.dll
0x00007ffb0e900000 - 0x00007ffb0e92b000 	C:\WINDOWS\System32\GDI32.dll
0x00007ffb0c9b0000 - 0x00007ffb0cadb000 	C:\WINDOWS\System32\gdi32full.dll
0x00007ffb0d150000 - 0x00007ffb0d1f3000 	C:\WINDOWS\System32\msvcp_win.dll
0x00007ffac34d0000 - 0x00007ffac34ee000 	c:\Users\koder\.vscode\extensions\redhat.java-1.54.0-win32-x64\jre\21.0.10-win32-x86_64\bin\VCRUNTIME140.dll
0x00007ffaf9280000 - 0x00007ffaf9513000 	C:\WINDOWS\WinSxS\amd64_microsoft.windows.common-controls_6595b64144ccf1df_6.0.26100.8115_none_3e075c82e3354f9c\COMCTL32.dll
0x00007ffb0e930000 - 0x00007ffb0e9d9000 	C:\WINDOWS\System32\msvcrt.dll
0x00007ffb0ec00000 - 0x00007ffb0ec32000 	C:\WINDOWS\System32\IMM32.DLL
0x00007ffae5fc0000 - 0x00007ffae60b2000 	C:\Program Files\Windhawk\Engine\1.7.3\64\windhawk.dll
0x00007ffb0ef50000 - 0x00007ffb0f006000 	C:\WINDOWS\System32\ADVAPI32.dll
0x00007ffb0ec40000 - 0x00007ffb0ece7000 	C:\WINDOWS\System32\sechost.dll
0x00007ffb0edd0000 - 0x00007ffb0eee8000 	C:\WINDOWS\System32\RPCRT4.dll
0x00007ffac9f80000 - 0x00007ffac9f8c000 	c:\Users\koder\.vscode\extensions\redhat.java-1.54.0-win32-x64\jre\21.0.10-win32-x86_64\bin\vcruntime140_1.dll
0x00007ffaacdb0000 - 0x00007ffaace3d000 	c:\Users\koder\.vscode\extensions\redhat.java-1.54.0-win32-x64\jre\21.0.10-win32-x86_64\bin\msvcp140.dll
0x00007ffa38c50000 - 0x00007ffa399f1000 	c:\Users\koder\.vscode\extensions\redhat.java-1.54.0-win32-x64\jre\21.0.10-win32-x86_64\bin\server\jvm.dll
0x00007ffb0e510000 - 0x00007ffb0e590000 	C:\WINDOWS\System32\WS2_32.dll
0x00007ffb0c5f0000 - 0x00007ffb0c64e000 	C:\WINDOWS\SYSTEM32\POWRPROF.dll
0x00007ffaf9520000 - 0x00007ffaf9556000 	C:\WINDOWS\SYSTEM32\WINMM.dll
0x00007ffafee80000 - 0x00007ffafee8b000 	C:\WINDOWS\SYSTEM32\VERSION.dll
0x00007ffb0c5d0000 - 0x00007ffb0c5e4000 	C:\WINDOWS\SYSTEM32\UMPDC.dll
0x00007ffb0b4e0000 - 0x00007ffb0b4fb000 	C:\WINDOWS\SYSTEM32\kernel.appcore.dll
0x00007ffac7b00000 - 0x00007ffac7b0a000 	c:\Users\koder\.vscode\extensions\redhat.java-1.54.0-win32-x64\jre\21.0.10-win32-x86_64\bin\jimage.dll
0x00007ffb074d0000 - 0x00007ffb07712000 	C:\WINDOWS\SYSTEM32\DBGHELP.DLL
0x00007ffb0f760000 - 0x00007ffb0fae2000 	C:\WINDOWS\System32\combase.dll
0x00007ffb0f020000 - 0x00007ffb0f0f8000 	C:\WINDOWS\System32\OLEAUT32.dll
0x00007ffadae70000 - 0x00007ffadaeab000 	C:\WINDOWS\SYSTEM32\dbgcore.DLL
0x00007ffb0c790000 - 0x00007ffb0c835000 	C:\WINDOWS\System32\bcryptPrimitives.dll
0x00007ffafad60000 - 0x00007ffafad6f000 	c:\Users\koder\.vscode\extensions\redhat.java-1.54.0-win32-x64\jre\21.0.10-win32-x86_64\bin\instrument.dll
0x00007ffab1a20000 - 0x00007ffab1a40000 	c:\Users\koder\.vscode\extensions\redhat.java-1.54.0-win32-x64\jre\21.0.10-win32-x86_64\bin\java.dll
0x00007ffb0dc50000 - 0x00007ffb0e3b7000 	C:\WINDOWS\System32\SHELL32.dll
0x00007ffb0c840000 - 0x00007ffb0c9aa000 	C:\WINDOWS\System32\wintypes.dll
0x00007ffb0d350000 - 0x00007ffb0dbb8000 	C:\WINDOWS\System32\windows.storage.dll
0x00007ffb0e3c0000 - 0x00007ffb0e4b8000 	C:\WINDOWS\System32\SHCORE.dll
0x00007ffb0f6f0000 - 0x00007ffb0f756000 	C:\WINDOWS\System32\shlwapi.dll
0x00007ffb0c6b0000 - 0x00007ffb0c6d9000 	C:\WINDOWS\SYSTEM32\profapi.dll
0x00007ffab16e0000 - 0x00007ffab16f8000 	c:\Users\koder\.vscode\extensions\redhat.java-1.54.0-win32-x64\jre\21.0.10-win32-x86_64\bin\zip.dll
0x00007ffab84c0000 - 0x00007ffab84d0000 	C:\Users\koder\.vscode\extensions\redhat.java-1.54.0-win32-x64\jre\21.0.10-win32-x86_64\bin\net.dll
0x00007ffafe790000 - 0x00007ffafe8bd000 	C:\WINDOWS\SYSTEM32\WINHTTP.dll
0x00007ffb0ba30000 - 0x00007ffb0ba9c000 	C:\WINDOWS\system32\mswsock.dll
0x00007ffaacd90000 - 0x00007ffaacda6000 	C:\Users\koder\.vscode\extensions\redhat.java-1.54.0-win32-x64\jre\21.0.10-win32-x86_64\bin\nio.dll
0x00007ffafad10000 - 0x00007ffafad20000 	c:\Users\koder\.vscode\extensions\redhat.java-1.54.0-win32-x64\jre\21.0.10-win32-x86_64\bin\verify.dll
0x00007ffac85c0000 - 0x00007ffac8605000 	C:\Users\koder\AppData\Roaming\Code\User\globalStorage\redhat.java\1.54.0\config_win\org.eclipse.equinox.launcher\org.eclipse.equinox.launcher.win32.win32.x86_64_1.3.0.v20260203-2149\eclipse_11919.dll
0x00007ffb0e6d0000 - 0x00007ffb0e867000 	C:\WINDOWS\System32\ole32.dll
0x00007ffb0be30000 - 0x00007ffb0be4b000 	C:\WINDOWS\SYSTEM32\CRYPTSP.dll
0x00007ffb0b440000 - 0x00007ffb0b479000 	C:\WINDOWS\system32\rsaenh.dll
0x00007ffb0bae0000 - 0x00007ffb0bb13000 	C:\WINDOWS\SYSTEM32\USERENV.dll
0x00007ffb0c680000 - 0x00007ffb0c6aa000 	C:\WINDOWS\SYSTEM32\bcrypt.dll
0x00007ffb0bc90000 - 0x00007ffb0bc9c000 	C:\WINDOWS\SYSTEM32\CRYPTBASE.dll
0x00007ffb0aec0000 - 0x00007ffb0aef2000 	C:\WINDOWS\SYSTEM32\IPHLPAPI.DLL
0x00007ffb0e9e0000 - 0x00007ffb0e9ea000 	C:\WINDOWS\System32\NSI.dll
0x00007ffaa8a40000 - 0x00007ffaa8a89000 	C:\Users\koder\AppData\Local\Temp\jna--1126057502\jna6095204858947096735.dll
0x00007ffb0edc0000 - 0x00007ffb0edc8000 	C:\WINDOWS\System32\PSAPI.DLL
0x00007ffb03830000 - 0x00007ffb0384d000 	C:\WINDOWS\SYSTEM32\dhcpcsvc6.DLL
0x00007ffb037e0000 - 0x00007ffb03805000 	C:\WINDOWS\SYSTEM32\dhcpcsvc.DLL
0x00007ffadb400000 - 0x00007ffadb427000 	C:\Users\koder\.gradle\native\1def1411415f61bf3af743bc5b6707747c0891f09f0c88961ee8f79bc544acac\windows-amd64\native-platform.dll
0x00007ffae1970000 - 0x00007ffae197a000 	C:\Users\koder\.vscode\extensions\redhat.java-1.54.0-win32-x64\jre\21.0.10-win32-x86_64\bin\management.dll
0x00007ffae1960000 - 0x00007ffae196c000 	C:\Users\koder\.vscode\extensions\redhat.java-1.54.0-win32-x64\jre\21.0.10-win32-x86_64\bin\management_ext.dll
0x00007ffab1720000 - 0x00007ffab1729000 	C:\Users\koder\.vscode\extensions\redhat.java-1.54.0-win32-x64\jre\21.0.10-win32-x86_64\bin\extnet.dll
0x00007ffab1730000 - 0x00007ffab173e000 	C:\Users\koder\.vscode\extensions\redhat.java-1.54.0-win32-x64\jre\21.0.10-win32-x86_64\bin\sunmscapi.dll
0x00007ffb0cfd0000 - 0x00007ffb0d147000 	C:\WINDOWS\System32\CRYPT32.dll
0x00007ffb0bf90000 - 0x00007ffb0bfc0000 	C:\WINDOWS\SYSTEM32\ncrypt.dll
0x00007ffb0bf40000 - 0x00007ffb0bf7f000 	C:\WINDOWS\SYSTEM32\NTASN1.dll
0x00007ffae42d0000 - 0x00007ffae42d8000 	C:\WINDOWS\system32\wshunix.dll

JVMTI agents:
c:\Users\koder\.vscode\extensions\redhat.java-1.54.0-win32-x64\lombok\lombok-1.18.39-4050.jar path:c:\Users\koder\.vscode\extensions\redhat.java-1.54.0-win32-x64\jre\21.0.10-win32-x86_64\bin\instrument.dll, loaded, initialized, instrumentlib options:none

dbghelp: loaded successfully - version: 4.0.5 - missing functions: none
symbol engine: initialized successfully - sym options: 0x614 - pdb path: .;c:\Users\koder\.vscode\extensions\redhat.java-1.54.0-win32-x64\jre\21.0.10-win32-x86_64\bin;C:\WINDOWS\SYSTEM32;C:\WINDOWS\WinSxS\amd64_microsoft.windows.common-controls_6595b64144ccf1df_6.0.26100.8115_none_3e075c82e3354f9c;C:\Program Files\Windhawk\Engine\1.7.3\64;c:\Users\koder\.vscode\extensions\redhat.java-1.54.0-win32-x64\jre\21.0.10-win32-x86_64\bin\server;C:\Users\koder\AppData\Roaming\Code\User\globalStorage\redhat.java\1.54.0\config_win\org.eclipse.equinox.launcher\org.eclipse.equinox.launcher.win32.win32.x86_64_1.3.0.v20260203-2149;C:\Users\koder\AppData\Local\Temp\jna--1126057502;C:\Users\koder\.gradle\native\1def1411415f61bf3af743bc5b6707747c0891f09f0c88961ee8f79bc544acac\windows-amd64

VM Arguments:
jvm_args: --add-modules=ALL-SYSTEM --add-opens=java.base/java.util=ALL-UNNAMED --add-opens=java.base/java.lang=ALL-UNNAMED --add-opens=java.base/sun.nio.fs=ALL-UNNAMED -Declipse.application=org.eclipse.jdt.ls.core.id1 -Dosgi.bundles.defaultStartLevel=4 -Declipse.product=org.eclipse.jdt.ls.core.product -Djava.import.generatesMetadataFilesAtProjectRoot=false -DDetectVMInstallationsJob.disabled=true -Dfile.encoding=utf8 -XX:+UseParallelGC -XX:GCTimeRatio=4 -XX:AdaptiveSizePolicyWeight=90 -Dsun.zip.disableMemoryMapping=true -Xmx2G -Xms100m -Xlog:disable -javaagent:c:\Users\koder\.vscode\extensions\redhat.java-1.54.0-win32-x64\lombok\lombok-1.18.39-4050.jar -XX:+HeapDumpOnOutOfMemoryError -XX:HeapDumpPath=c:\Users\koder\AppData\Roaming\Code\User\workspaceStorage\77f100de355d17dc1e130fc6aed8a44c\redhat.java -Daether.dependencyCollector.impl=bf 
java_command: c:\Users\koder\.vscode\extensions\redhat.java-1.54.0-win32-x64\server\plugins\org.eclipse.equinox.launcher_1.7.100.v20251111-0406.jar -configuration c:\Users\koder\AppData\Roaming\Code\User\globalStorage\redhat.java\1.54.0\config_win -data c:\Users\koder\AppData\Roaming\Code\User\workspaceStorage\77f100de355d17dc1e130fc6aed8a44c\redhat.java\jdt_ws --pipe=\\.\pipe\lsp-53b63696b5714dddc0dcba810884aeb4-sock
java_class_path (initial): c:\Users\koder\.vscode\extensions\redhat.java-1.54.0-win32-x64\server\plugins\org.eclipse.equinox.launcher_1.7.100.v20251111-0406.jar
Launcher Type: SUN_STANDARD

[Global flags]
    uintx AdaptiveSizePolicyWeight                 = 90                                        {product} {command line}
     intx CICompilerCount                          = 4                                         {product} {ergonomic}
    uintx GCTimeRatio                              = 4                                         {product} {command line}
     bool HeapDumpOnOutOfMemoryError               = true                                   {manageable} {command line}
    ccstr HeapDumpPath                             = c:\Users\koder\AppData\Roaming\Code\User\workspaceStorage\77f100de355d17dc1e130fc6aed8a44c\redhat.java         {manageable} {command line}
   size_t InitialHeapSize                          = 104857600                                 {product} {command line}
   size_t MaxHeapSize                              = 2147483648                                {product} {command line}
   size_t MaxNewSize                               = 715653120                                 {product} {ergonomic}
   size_t MinHeapDeltaBytes                        = 524288                                    {product} {ergonomic}
   size_t MinHeapSize                              = 104857600                                 {product} {command line}
   size_t NewSize                                  = 34603008                                  {product} {ergonomic}
    uintx NonNMethodCodeHeapSize                   = 5839372                                {pd product} {ergonomic}
    uintx NonProfiledCodeHeapSize                  = 122909434                              {pd product} {ergonomic}
   size_t OldSize                                  = 70254592                                  {product} {ergonomic}
    uintx ProfiledCodeHeapSize                     = 122909434                              {pd product} {ergonomic}
    uintx ReservedCodeCacheSize                    = 251658240                              {pd product} {ergonomic}
     bool SegmentedCodeCache                       = true                                      {product} {ergonomic}
   size_t SoftMaxHeapSize                          = 2147483648                             {manageable} {ergonomic}
     bool UseCompressedOops                        = true                           {product lp64_product} {ergonomic}
     bool UseLargePagesIndividualAllocation        = false                                  {pd product} {ergonomic}
     bool UseParallelGC                            = true                                      {product} {command line}

Logging:
Log output configuration:
 #0: stdout all=off uptime,level,tags foldmultilines=false
 #1: stderr all=off uptime,level,tags foldmultilines=false

Release file:
JAVA_VERSION="21.0.10" 
MODULES="java.base java.compiler java.datatransfer java.xml java.prefs java.desktop java.instrument java.logging java.management java.security.sasl java.naming java.rmi java.management.rmi java.net.http java.scripting java.security.jgss java.transaction.xa java.sql java.sql.rowset java.xml.crypto java.se java.smartcardio jdk.accessibility jdk.internal.jvmstat jdk.attach jdk.charsets jdk.internal.opt jdk.zipfs jdk.compiler jdk.crypto.ec jdk.crypto.cryptoki jdk.crypto.mscapi jdk.dynalink jdk.internal.ed jdk.editpad jdk.hotspot.agent jdk.httpserver jdk.internal.le jdk.internal.vm.ci jdk.internal.vm.compiler jdk.internal.vm.compiler.management jdk.jartool jdk.javadoc jdk.jcmd jdk.management jdk.management.agent jdk.jconsole jdk.jdeps jdk.jdwp.agent jdk.jdi jdk.jfr jdk.jshell jdk.jsobject jdk.jstatd jdk.localedata jdk.management.jfr jdk.naming.dns jdk.naming.rmi jdk.net jdk.nio.mapmode jdk.random jdk.sctp jdk.security.auth jdk.security.jgss jdk.unsupported jdk.unsupported.desktop jdk.xml.dom" 

Environment Variables:
JAVA_HOME=C:\java-21-openjdk-21.0.4.0.7-1.win.jdk.x86_64
PATH=C:\Program Files (x86)\Common Files\Intel\Shared Libraries\redist\intel64\compiler;C:\WINDOWS\system32;C:\WINDOWS;C:\WINDOWS\System32\Wbem;C:\WINDOWS\System32\WindowsPowerShell\v1.0\;C:\WINDOWS\System32\OpenSSH\;C:\Program Files\Microsoft SQL Server\Client SDK\ODBC\110\Tools\Binn\;C:\Program Files (x86)\Microsoft SQL Server\120\Tools\Binn\;C:\Program Files\Microsoft SQL Server\120\Tools\Binn\;C:\Program Files\Microsoft SQL Server\120\DTS\Binn\;C:\Program Files (x86)\Windows Kits\8.1\Windows Performance Toolkit\;C:\Program Files\dotnet\;C:\Users\koder\AppData\Roaming\nvm;C:\Program Files\nodejs;C:\Program Files\nodejs\;C:\Program Files\Git\cmd;C:\Users\koder\AppData\Local\gradle\gradle-8.4\bin;C:\Users\koder\AppData\Local\gradle\gradle-8.4\bin;C:\Users\koder\AppData\Local\gradle\gradle-8.4\bin;C:\Users\koder\scoop\shims;C:\Users\koder\AppData\Local\Microsoft\WindowsApps;C:\Users\koder\AppData\Local\Programs\Microsoft VS Code\bin;C:\Users\koder\AppData\Local\Programs\MiKTeX\miktex\bin\x64\;C:\Users\koder\AppData\Roaming\nvm;C:\Program Files\nodejs;C:\Users\koder\AppData\Local\Microsoft\WinGet\Links;C:\Users\koder\AppData\Roaming\npm;C:\Users\koder\AppData\Local\Python\bin;C:\flutter\bin;C:\Program Files\PostgreSQL\18\bin;C:\java-21-openjdk-21.0.4.0.7-1.win.jdk.x86_64\bin;C:\Users\koder\AppData\Local\gradle\gradle-8.4\bin;bin
USERNAME=kodero
OS=Windows_NT
PROCESSOR_IDENTIFIER=Intel64 Family 6 Model 142 Stepping 12, GenuineIntel
TMP=C:\Users\koder\AppData\Local\Temp
TEMP=C:\Users\koder\AppData\Local\Temp




Periodic native trim disabled

---------------  S Y S T E M  ---------------

OS:
 Windows 11 , 64 bit Build 26100 (10.0.26100.8246)
OS uptime: 1 days 19:13 hours
Hyper-V role detected

CPU: total 8 (initial active 8) (4 cores per cpu, 2 threads per core) family 6 model 142 stepping 12 microcode 0x100, cx8, cmov, fxsr, ht, mmx, 3dnowpref, sse, sse2, sse3, ssse3, sse4.1, sse4.2, popcnt, lzcnt, tsc, tscinvbit, avx, avx2, aes, erms, clmul, bmi1, bmi2, adx, fma, vzeroupper, clflush, clflushopt, hv, rdtscp, f16c
Processor Information for the first 8 processors :
  Max Mhz: 1896, Current Mhz: 1596, Mhz Limit: 1592

Memory: 4k page, system-wide physical 16198M (1245M free)
TotalPageFile size 24981M (AvailPageFile size 146M)
current process WorkingSet (physical memory assigned to process): 255M, peak: 276M
current process commit charge ("private bytes"): 352M, peak: 377M

vm_info: OpenJDK 64-Bit Server VM (21.0.10+7-LTS) for windows-amd64 JRE (21.0.10+7-LTS), built on 2026-01-20T00:00:00Z by "admin" with MS VC++ 17.12 (VS2022)

END.
